// Jest Snapshot v1, https://goo.gl/fbAQLP

exports[`builder builds project1 1`] = `""`;
